main.c:76:6:udelay_asm	16	static,ignoring_inline_asm
main.c:89:6:TIM10_reinit	16	static
main.c:98:10:get_tim10_us	16	static
main.c:113:5:main	144	static
main.c:246:6:SystemClock_Config	112	static
main.c:300:13:MX_I2C1_Init	8	static
main.c:334:13:MX_I2S2_Init	8	static
main.c:368:13:MX_I2S3_Init	8	static
main.c:402:13:MX_SPI1_Init	8	static
main.c:440:13:MX_TIM10_Init	8	static
main.c:471:13:MX_GPIO_Init	56	static
main.c:559:6:HAL_TIM_PeriodElapsedCallback	16	static
main.c:570:6:Error_Handler	4	static
